[0.009s] Invoking command in '/home/liuxingjian/Desktop/proj/rviz2_pro/build/my_turtlebot3_qt': CMAKE_PREFIX_PATH=/opt/ros/humble /usr/bin/cmake --build /home/liuxingjian/Desktop/proj/rviz2_pro/build/my_turtlebot3_qt -- -j8 -l8
[0.050s] [ 20%] Automatic MOC for target pointcloud_viewer
[0.067s] [ 20%] Built target pointcloud_viewer_autogen
[0.087s] Consolidate compiler generated dependencies of target pointcloud_viewer
[0.100s] [100%] Built target pointcloud_viewer
[0.109s] Invoked command in '/home/liuxingjian/Desktop/proj/rviz2_pro/build/my_turtlebot3_qt' returned '0': CMAKE_PREFIX_PATH=/opt/ros/humble /usr/bin/cmake --build /home/liuxingjian/Desktop/proj/rviz2_pro/build/my_turtlebot3_qt -- -j8 -l8
[0.117s] Invoking command in '/home/liuxingjian/Desktop/proj/rviz2_pro/build/my_turtlebot3_qt': CMAKE_PREFIX_PATH=/opt/ros/humble /usr/bin/cmake --install /home/liuxingjian/Desktop/proj/rviz2_pro/build/my_turtlebot3_qt
[0.125s] -- Install configuration: ""
[0.126s] -- Up-to-date: /home/liuxingjian/Desktop/proj/rviz2_pro/install/my_turtlebot3_qt/lib/my_turtlebot3_qt/pointcloud_viewer
[0.126s] -- Up-to-date: /home/liuxingjian/Desktop/proj/rviz2_pro/install/my_turtlebot3_qt/share/ament_index/resource_index/package_run_dependencies/my_turtlebot3_qt
[0.126s] -- Up-to-date: /home/liuxingjian/Desktop/proj/rviz2_pro/install/my_turtlebot3_qt/share/ament_index/resource_index/parent_prefix_path/my_turtlebot3_qt
[0.127s] -- Up-to-date: /home/liuxingjian/Desktop/proj/rviz2_pro/install/my_turtlebot3_qt/share/my_turtlebot3_qt/environment/ament_prefix_path.sh
[0.127s] -- Up-to-date: /home/liuxingjian/Desktop/proj/rviz2_pro/install/my_turtlebot3_qt/share/my_turtlebot3_qt/environment/ament_prefix_path.dsv
[0.127s] -- Up-to-date: /home/liuxingjian/Desktop/proj/rviz2_pro/install/my_turtlebot3_qt/share/my_turtlebot3_qt/environment/path.sh
[0.128s] -- Up-to-date: /home/liuxingjian/Desktop/proj/rviz2_pro/install/my_turtlebot3_qt/share/my_turtlebot3_qt/environment/path.dsv
[0.128s] -- Up-to-date: /home/liuxingjian/Desktop/proj/rviz2_pro/install/my_turtlebot3_qt/share/my_turtlebot3_qt/local_setup.bash
[0.128s] -- Up-to-date: /home/liuxingjian/Desktop/proj/rviz2_pro/install/my_turtlebot3_qt/share/my_turtlebot3_qt/local_setup.sh
[0.128s] -- Up-to-date: /home/liuxingjian/Desktop/proj/rviz2_pro/install/my_turtlebot3_qt/share/my_turtlebot3_qt/local_setup.zsh
[0.128s] -- Up-to-date: /home/liuxingjian/Desktop/proj/rviz2_pro/install/my_turtlebot3_qt/share/my_turtlebot3_qt/local_setup.dsv
[0.128s] -- Installing: /home/liuxingjian/Desktop/proj/rviz2_pro/install/my_turtlebot3_qt/share/my_turtlebot3_qt/package.dsv
[0.129s] -- Up-to-date: /home/liuxingjian/Desktop/proj/rviz2_pro/install/my_turtlebot3_qt/share/ament_index/resource_index/packages/my_turtlebot3_qt
[0.129s] -- Up-to-date: /home/liuxingjian/Desktop/proj/rviz2_pro/install/my_turtlebot3_qt/share/my_turtlebot3_qt/cmake/my_turtlebot3_qtConfig.cmake
[0.129s] -- Up-to-date: /home/liuxingjian/Desktop/proj/rviz2_pro/install/my_turtlebot3_qt/share/my_turtlebot3_qt/cmake/my_turtlebot3_qtConfig-version.cmake
[0.129s] -- Up-to-date: /home/liuxingjian/Desktop/proj/rviz2_pro/install/my_turtlebot3_qt/share/my_turtlebot3_qt/package.xml
[0.129s] Invoked command in '/home/liuxingjian/Desktop/proj/rviz2_pro/build/my_turtlebot3_qt' returned '0': CMAKE_PREFIX_PATH=/opt/ros/humble /usr/bin/cmake --install /home/liuxingjian/Desktop/proj/rviz2_pro/build/my_turtlebot3_qt
