[0.009s] Invoking command in '/home/liuxingjian/Desktop/proj/rviz2_pro/build/my_turtlebot3_qt': CMAKE_PREFIX_PATH=/opt/ros/humble /usr/bin/cmake /home/liuxingjian/Desktop/proj/rviz2_pro/src/my_turtlebot3_qt -DCMAKE_INSTALL_PREFIX=/home/liuxingjian/Desktop/proj/rviz2_pro/install/my_turtlebot3_qt
[0.017s] -- Found ament_cmake: 1.3.14 (/opt/ros/humble/share/ament_cmake/cmake)
[0.101s] -- Found rclcpp: 16.0.19 (/opt/ros/humble/share/rclcpp/cmake)
[0.120s] -- Found rosidl_generator_c: 3.1.8 (/opt/ros/humble/share/rosidl_generator_c/cmake)
[0.122s] -- Found rosidl_adapter: 3.1.8 (/opt/ros/humble/share/rosidl_adapter/cmake)
[0.126s] -- Found rosidl_generator_cpp: 3.1.8 (/opt/ros/humble/share/rosidl_generator_cpp/cmake)
[0.133s] -- Using all available rosidl_typesupport_c: rosidl_typesupport_fastrtps_c;rosidl_typesupport_introspection_c
[0.141s] -- Using all available rosidl_typesupport_cpp: rosidl_typesupport_fastrtps_cpp;rosidl_typesupport_introspection_cpp
[0.162s] -- Found rmw_implementation_cmake: 6.1.2 (/opt/ros/humble/share/rmw_implementation_cmake/cmake)
[0.162s] -- Found rmw_fastrtps_cpp: 6.2.10 (/opt/ros/humble/share/rmw_fastrtps_cpp/cmake)
[0.232s] -- Using RMW implementation 'rmw_fastrtps_cpp' as default
[0.261s] -- Found sensor_msgs: 4.9.1 (/opt/ros/humble/share/sensor_msgs/cmake)
[0.332s] CMake Error at /opt/ros/humble/share/ament_cmake_target_dependencies/cmake/ament_target_dependencies.cmake:145 (target_link_libraries):
[0.332s]   The keyword signature for target_link_libraries has already been used with
[0.332s]   the target "pointcloud_viewer".  All uses of target_link_libraries with a
[0.332s]   target must be either all-keyword or all-plain.
[0.332s] 
[0.332s]   The uses of the keyword signature are here:
[0.332s] 
[0.332s]    * /usr/lib/x86_64-linux-gnu/cmake/Qt6Core/Qt6CoreMacros.cmake:524 (target_link_libraries)
[0.332s]    * CMakeLists.txt:17 (target_link_libraries)
[0.332s] 
[0.332s] Call Stack (most recent call first):
[0.332s]   CMakeLists.txt:26 (ament_target_dependencies)
[0.332s] 
[0.332s] 
[0.332s] -- Found ament_lint_auto: 0.12.15 (/opt/ros/humble/share/ament_lint_auto/cmake)
[0.378s] -- Configuring incomplete, errors occurred!
[0.378s] See also "/home/liuxingjian/Desktop/proj/rviz2_pro/build/my_turtlebot3_qt/CMakeFiles/CMakeOutput.log".
[0.386s] Invoked command in '/home/liuxingjian/Desktop/proj/rviz2_pro/build/my_turtlebot3_qt' returned '1': CMAKE_PREFIX_PATH=/opt/ros/humble /usr/bin/cmake /home/liuxingjian/Desktop/proj/rviz2_pro/src/my_turtlebot3_qt -DCMAKE_INSTALL_PREFIX=/home/liuxingjian/Desktop/proj/rviz2_pro/install/my_turtlebot3_qt
