[0.402s] Invoking command in '/home/liuxingjian/Desktop/proj/rviz2_pro/src/my_turtlebot3_launch': PYTHONPATH=/home/liuxingjian/Desktop/proj/rviz2_pro/build/my_turtlebot3_launch/prefix_override:/usr/lib/python3/dist-packages/colcon_core/task/python/colcon_distutils_commands:/home/liuxingjian/Desktop/proj/rviz2_pro/install/my_turtlebot3_launch/lib/python3.10/site-packages:${PYTHONPATH} /usr/bin/python3 -W ignore:setup.py install is deprecated -W ignore:easy_install command is deprecated setup.py egg_info --egg-base ../../build/my_turtlebot3_launch build --build-base /home/liuxingjian/Desktop/proj/rviz2_pro/build/my_turtlebot3_launch/build install --record /home/liuxingjian/Desktop/proj/rviz2_pro/build/my_turtlebot3_launch/install.log --single-version-externally-managed install_data
[0.546s] running egg_info
[0.547s] writing ../../build/my_turtlebot3_launch/my_turtlebot3_launch.egg-info/PKG-INFO
[0.547s] writing dependency_links to ../../build/my_turtlebot3_launch/my_turtlebot3_launch.egg-info/dependency_links.txt
[0.547s] writing entry points to ../../build/my_turtlebot3_launch/my_turtlebot3_launch.egg-info/entry_points.txt
[0.547s] writing requirements to ../../build/my_turtlebot3_launch/my_turtlebot3_launch.egg-info/requires.txt
[0.547s] writing top-level names to ../../build/my_turtlebot3_launch/my_turtlebot3_launch.egg-info/top_level.txt
[0.548s] reading manifest file '../../build/my_turtlebot3_launch/my_turtlebot3_launch.egg-info/SOURCES.txt'
[0.549s] writing manifest file '../../build/my_turtlebot3_launch/my_turtlebot3_launch.egg-info/SOURCES.txt'
[0.549s] running build
[0.549s] running build_py
[0.550s] running install
[0.550s] running install_lib
[0.551s] running install_data
[0.551s] copying package.xml -> /home/liuxingjian/Desktop/proj/rviz2_pro/install/my_turtlebot3_launch/share/my_turtlebot3_launch
[0.551s] copying launch/turtlebot3_world_gz.launch.py -> /home/liuxingjian/Desktop/proj/rviz2_pro/install/my_turtlebot3_launch/share/my_turtlebot3_launch/launch
[0.551s] copying config/pointcloud.rviz -> /home/liuxingjian/Desktop/proj/rviz2_pro/install/my_turtlebot3_launch/share/my_turtlebot3_launch/config
[0.551s] running install_egg_info
[0.553s] removing '/home/liuxingjian/Desktop/proj/rviz2_pro/install/my_turtlebot3_launch/lib/python3.10/site-packages/my_turtlebot3_launch-0.0.0-py3.10.egg-info' (and everything under it)
[0.553s] Copying ../../build/my_turtlebot3_launch/my_turtlebot3_launch.egg-info to /home/liuxingjian/Desktop/proj/rviz2_pro/install/my_turtlebot3_launch/lib/python3.10/site-packages/my_turtlebot3_launch-0.0.0-py3.10.egg-info
[0.554s] running install_scripts
[0.567s] Installing laser_to_pointcloud script to /home/liuxingjian/Desktop/proj/rviz2_pro/install/my_turtlebot3_launch/lib/my_turtlebot3_launch
[0.567s] writing list of installed files to '/home/liuxingjian/Desktop/proj/rviz2_pro/build/my_turtlebot3_launch/install.log'
[0.582s] Invoked command in '/home/liuxingjian/Desktop/proj/rviz2_pro/src/my_turtlebot3_launch' returned '0': PYTHONPATH=/home/liuxingjian/Desktop/proj/rviz2_pro/build/my_turtlebot3_launch/prefix_override:/usr/lib/python3/dist-packages/colcon_core/task/python/colcon_distutils_commands:/home/liuxingjian/Desktop/proj/rviz2_pro/install/my_turtlebot3_launch/lib/python3.10/site-packages:${PYTHONPATH} /usr/bin/python3 -W ignore:setup.py install is deprecated -W ignore:easy_install command is deprecated setup.py egg_info --egg-base ../../build/my_turtlebot3_launch build --build-base /home/liuxingjian/Desktop/proj/rviz2_pro/build/my_turtlebot3_launch/build install --record /home/liuxingjian/Desktop/proj/rviz2_pro/build/my_turtlebot3_launch/install.log --single-version-externally-managed install_data
