[0.290s] DEBUG:colcon:Command line arguments: ['/usr/bin/colcon', 'build', '--packages-select', 'my_turtlebot3_qt', 'my_turtlebot3_launch']
[0.291s] DEBUG:colcon:Parsed command line arguments: Namespace(log_base=None, log_level=None, verb_name='build', build_base='build', install_base='install', merge_install=False, symlink_install=False, test_result_base=None, continue_on_error=False, executor='parallel', parallel_workers=8, event_handlers=None, ignore_user_meta=False, metas=['./colcon.meta'], base_paths=['.'], packages_ignore=None, packages_ignore_regex=None, paths=None, packages_up_to=None, packages_up_to_regex=None, packages_above=None, packages_above_and_dependencies=None, packages_above_depth=None, packages_select_by_dep=None, packages_skip_by_dep=None, packages_skip_up_to=None, packages_select_build_failed=False, packages_skip_build_finished=False, packages_select_test_failures=False, packages_skip_test_passed=False, packages_select=['my_turtlebot3_qt', 'my_turtlebot3_launch'], packages_skip=None, packages_select_regex=None, packages_skip_regex=None, packages_start=None, packages_end=None, allow_overriding=[], cmake_args=None, cmake_target=None, cmake_target_skip_unavailable=False, cmake_clean_cache=False, cmake_clean_first=False, cmake_force_configure=False, ament_cmake_args=None, catkin_cmake_args=None, catkin_skip_building_tests=False, verb_parser=<colcon_defaults.argument_parser.defaults.DefaultArgumentsDecorator object at 0x73fec055c3a0>, verb_extension=<colcon_core.verb.build.BuildVerb object at 0x73fec065d8d0>, main=<bound method BuildVerb.main of <colcon_core.verb.build.BuildVerb object at 0x73fec065d8d0>>)
[0.659s] Level 1:colcon.colcon_core.package_discovery:discover_packages(colcon_meta) check parameters
[0.660s] Level 1:colcon.colcon_core.package_discovery:discover_packages(recursive) check parameters
[0.660s] Level 1:colcon.colcon_core.package_discovery:discover_packages(ignore) check parameters
[0.660s] Level 1:colcon.colcon_core.package_discovery:discover_packages(path) check parameters
[0.660s] Level 1:colcon.colcon_core.package_discovery:discover_packages(colcon_meta) discover
[0.660s] Level 1:colcon.colcon_core.package_discovery:discover_packages(recursive) discover
[0.660s] INFO:colcon.colcon_core.package_discovery:Crawling recursively for packages in '/home/liuxingjian/Desktop/proj/rviz2_pro'
[0.660s] Level 1:colcon.colcon_core.package_identification:_identify(.) by extensions ['ignore', 'ignore_ament_install']
[0.660s] Level 1:colcon.colcon_core.package_identification:_identify(.) by extension 'ignore'
[0.660s] Level 1:colcon.colcon_core.package_identification:_identify(.) by extension 'ignore_ament_install'
[0.660s] Level 1:colcon.colcon_core.package_identification:_identify(.) by extensions ['colcon_pkg']
[0.660s] Level 1:colcon.colcon_core.package_identification:_identify(.) by extension 'colcon_pkg'
[0.660s] Level 1:colcon.colcon_core.package_identification:_identify(.) by extensions ['colcon_meta']
[0.660s] Level 1:colcon.colcon_core.package_identification:_identify(.) by extension 'colcon_meta'
[0.660s] Level 1:colcon.colcon_core.package_identification:_identify(.) by extensions ['ros']
[0.660s] Level 1:colcon.colcon_core.package_identification:_identify(.) by extension 'ros'
[0.698s] Level 1:colcon.colcon_core.package_identification:_identify(.) by extensions ['cmake', 'python']
[0.698s] Level 1:colcon.colcon_core.package_identification:_identify(.) by extension 'cmake'
[0.698s] Level 1:colcon.colcon_core.package_identification:_identify(.) by extension 'python'
[0.698s] Level 1:colcon.colcon_core.package_identification:_identify(.) by extensions ['python_setup_py']
[0.698s] Level 1:colcon.colcon_core.package_identification:_identify(.) by extension 'python_setup_py'
[0.698s] Level 1:colcon.colcon_core.package_identification:_identify(CMakeFiles) by extensions ['ignore', 'ignore_ament_install']
[0.698s] Level 1:colcon.colcon_core.package_identification:_identify(CMakeFiles) by extension 'ignore'
[0.698s] Level 1:colcon.colcon_core.package_identification:_identify(CMakeFiles) by extension 'ignore_ament_install'
[0.698s] Level 1:colcon.colcon_core.package_identification:_identify(CMakeFiles) by extensions ['colcon_pkg']
[0.698s] Level 1:colcon.colcon_core.package_identification:_identify(CMakeFiles) by extension 'colcon_pkg'
[0.698s] Level 1:colcon.colcon_core.package_identification:_identify(CMakeFiles) by extensions ['colcon_meta']
[0.698s] Level 1:colcon.colcon_core.package_identification:_identify(CMakeFiles) by extension 'colcon_meta'
[0.698s] Level 1:colcon.colcon_core.package_identification:_identify(CMakeFiles) by extensions ['ros']
[0.698s] Level 1:colcon.colcon_core.package_identification:_identify(CMakeFiles) by extension 'ros'
[0.698s] Level 1:colcon.colcon_core.package_identification:_identify(CMakeFiles) by extensions ['cmake', 'python']
[0.698s] Level 1:colcon.colcon_core.package_identification:_identify(CMakeFiles) by extension 'cmake'
[0.699s] Level 1:colcon.colcon_core.package_identification:_identify(CMakeFiles) by extension 'python'
[0.699s] Level 1:colcon.colcon_core.package_identification:_identify(CMakeFiles) by extensions ['python_setup_py']
[0.699s] Level 1:colcon.colcon_core.package_identification:_identify(CMakeFiles) by extension 'python_setup_py'
[0.699s] Level 1:colcon.colcon_core.package_identification:_identify(build) by extensions ['ignore', 'ignore_ament_install']
[0.699s] Level 1:colcon.colcon_core.package_identification:_identify(build) by extension 'ignore'
[0.699s] Level 1:colcon.colcon_core.package_identification:_identify(build) ignored
[0.699s] Level 1:colcon.colcon_core.package_identification:_identify(install) by extensions ['ignore', 'ignore_ament_install']
[0.699s] Level 1:colcon.colcon_core.package_identification:_identify(install) by extension 'ignore'
[0.699s] Level 1:colcon.colcon_core.package_identification:_identify(install) ignored
[0.699s] Level 1:colcon.colcon_core.package_identification:_identify(log) by extensions ['ignore', 'ignore_ament_install']
[0.699s] Level 1:colcon.colcon_core.package_identification:_identify(log) by extension 'ignore'
[0.699s] Level 1:colcon.colcon_core.package_identification:_identify(log) ignored
[0.699s] Level 1:colcon.colcon_core.package_identification:_identify(src) by extensions ['ignore', 'ignore_ament_install']
[0.699s] Level 1:colcon.colcon_core.package_identification:_identify(src) by extension 'ignore'
[0.699s] Level 1:colcon.colcon_core.package_identification:_identify(src) by extension 'ignore_ament_install'
[0.699s] Level 1:colcon.colcon_core.package_identification:_identify(src) by extensions ['colcon_pkg']
[0.699s] Level 1:colcon.colcon_core.package_identification:_identify(src) by extension 'colcon_pkg'
[0.700s] Level 1:colcon.colcon_core.package_identification:_identify(src) by extensions ['colcon_meta']
[0.700s] Level 1:colcon.colcon_core.package_identification:_identify(src) by extension 'colcon_meta'
[0.700s] Level 1:colcon.colcon_core.package_identification:_identify(src) by extensions ['ros']
[0.700s] Level 1:colcon.colcon_core.package_identification:_identify(src) by extension 'ros'
[0.700s] Level 1:colcon.colcon_core.package_identification:_identify(src) by extensions ['cmake', 'python']
[0.700s] Level 1:colcon.colcon_core.package_identification:_identify(src) by extension 'cmake'
[0.700s] Level 1:colcon.colcon_core.package_identification:_identify(src) by extension 'python'
[0.700s] Level 1:colcon.colcon_core.package_identification:_identify(src) by extensions ['python_setup_py']
[0.700s] Level 1:colcon.colcon_core.package_identification:_identify(src) by extension 'python_setup_py'
[0.700s] Level 1:colcon.colcon_core.package_identification:_identify(src/my_turtlebot3_launch) by extensions ['ignore', 'ignore_ament_install']
[0.700s] Level 1:colcon.colcon_core.package_identification:_identify(src/my_turtlebot3_launch) by extension 'ignore'
[0.700s] Level 1:colcon.colcon_core.package_identification:_identify(src/my_turtlebot3_launch) by extension 'ignore_ament_install'
[0.700s] Level 1:colcon.colcon_core.package_identification:_identify(src/my_turtlebot3_launch) by extensions ['colcon_pkg']
[0.700s] Level 1:colcon.colcon_core.package_identification:_identify(src/my_turtlebot3_launch) by extension 'colcon_pkg'
[0.700s] Level 1:colcon.colcon_core.package_identification:_identify(src/my_turtlebot3_launch) by extensions ['colcon_meta']
[0.700s] Level 1:colcon.colcon_core.package_identification:_identify(src/my_turtlebot3_launch) by extension 'colcon_meta'
[0.700s] Level 1:colcon.colcon_core.package_identification:_identify(src/my_turtlebot3_launch) by extensions ['ros']
[0.700s] Level 1:colcon.colcon_core.package_identification:_identify(src/my_turtlebot3_launch) by extension 'ros'
[0.707s] DEBUG:colcon.colcon_core.package_identification:Package 'src/my_turtlebot3_launch' with type 'ros.ament_cmake' and name 'my_turtlebot3_launch'
[0.707s] Level 1:colcon.colcon_core.package_identification:_identify(src/my_turtlebot3_qt) by extensions ['ignore', 'ignore_ament_install']
[0.707s] Level 1:colcon.colcon_core.package_identification:_identify(src/my_turtlebot3_qt) by extension 'ignore'
[0.707s] Level 1:colcon.colcon_core.package_identification:_identify(src/my_turtlebot3_qt) by extension 'ignore_ament_install'
[0.707s] Level 1:colcon.colcon_core.package_identification:_identify(src/my_turtlebot3_qt) by extensions ['colcon_pkg']
[0.707s] Level 1:colcon.colcon_core.package_identification:_identify(src/my_turtlebot3_qt) by extension 'colcon_pkg'
[0.707s] Level 1:colcon.colcon_core.package_identification:_identify(src/my_turtlebot3_qt) by extensions ['colcon_meta']
[0.707s] Level 1:colcon.colcon_core.package_identification:_identify(src/my_turtlebot3_qt) by extension 'colcon_meta'
[0.707s] Level 1:colcon.colcon_core.package_identification:_identify(src/my_turtlebot3_qt) by extensions ['ros']
[0.707s] Level 1:colcon.colcon_core.package_identification:_identify(src/my_turtlebot3_qt) by extension 'ros'
[0.708s] DEBUG:colcon.colcon_core.package_identification:Package 'src/my_turtlebot3_qt' with type 'ros.ament_cmake' and name 'my_turtlebot3_qt'
[0.708s] Level 1:colcon.colcon_core.package_discovery:discover_packages(recursive) using defaults
[0.708s] Level 1:colcon.colcon_core.package_discovery:discover_packages(ignore) discover
[0.708s] Level 1:colcon.colcon_core.package_discovery:discover_packages(ignore) using defaults
[0.708s] Level 1:colcon.colcon_core.package_discovery:discover_packages(path) discover
[0.708s] Level 1:colcon.colcon_core.package_discovery:discover_packages(path) using defaults
[0.763s] Level 1:colcon.colcon_core.package_discovery:discover_packages(prefix_path) check parameters
[0.763s] Level 1:colcon.colcon_core.package_discovery:discover_packages(prefix_path) discover
[0.768s] DEBUG:colcon.colcon_installed_package_information.package_discovery:Found 455 installed packages in /opt/ros/humble
[0.770s] Level 1:colcon.colcon_core.package_discovery:discover_packages(prefix_path) using defaults
[0.810s] Level 5:colcon.colcon_core.verb:set package 'my_turtlebot3_qt' build argument 'cmake_args' from command line to 'None'
[0.810s] Level 5:colcon.colcon_core.verb:set package 'my_turtlebot3_qt' build argument 'cmake_target' from command line to 'None'
[0.810s] Level 5:colcon.colcon_core.verb:set package 'my_turtlebot3_qt' build argument 'cmake_target_skip_unavailable' from command line to 'False'
[0.810s] Level 5:colcon.colcon_core.verb:set package 'my_turtlebot3_qt' build argument 'cmake_clean_cache' from command line to 'False'
[0.810s] Level 5:colcon.colcon_core.verb:set package 'my_turtlebot3_qt' build argument 'cmake_clean_first' from command line to 'False'
[0.810s] Level 5:colcon.colcon_core.verb:set package 'my_turtlebot3_qt' build argument 'cmake_force_configure' from command line to 'False'
[0.810s] Level 5:colcon.colcon_core.verb:set package 'my_turtlebot3_qt' build argument 'ament_cmake_args' from command line to 'None'
[0.810s] Level 5:colcon.colcon_core.verb:set package 'my_turtlebot3_qt' build argument 'catkin_cmake_args' from command line to 'None'
[0.810s] Level 5:colcon.colcon_core.verb:set package 'my_turtlebot3_qt' build argument 'catkin_skip_building_tests' from command line to 'False'
[0.810s] DEBUG:colcon.colcon_core.verb:Building package 'my_turtlebot3_qt' with the following arguments: {'ament_cmake_args': None, 'build_base': '/home/liuxingjian/Desktop/proj/rviz2_pro/build/my_turtlebot3_qt', 'catkin_cmake_args': None, 'catkin_skip_building_tests': False, 'cmake_args': None, 'cmake_clean_cache': False, 'cmake_clean_first': False, 'cmake_force_configure': False, 'cmake_target': None, 'cmake_target_skip_unavailable': False, 'install_base': '/home/liuxingjian/Desktop/proj/rviz2_pro/install/my_turtlebot3_qt', 'merge_install': False, 'path': '/home/liuxingjian/Desktop/proj/rviz2_pro/src/my_turtlebot3_qt', 'symlink_install': False, 'test_result_base': None}
[0.810s] Level 5:colcon.colcon_core.verb:set package 'my_turtlebot3_launch' build argument 'cmake_args' from command line to 'None'
[0.810s] Level 5:colcon.colcon_core.verb:set package 'my_turtlebot3_launch' build argument 'cmake_target' from command line to 'None'
[0.810s] Level 5:colcon.colcon_core.verb:set package 'my_turtlebot3_launch' build argument 'cmake_target_skip_unavailable' from command line to 'False'
[0.810s] Level 5:colcon.colcon_core.verb:set package 'my_turtlebot3_launch' build argument 'cmake_clean_cache' from command line to 'False'
[0.811s] Level 5:colcon.colcon_core.verb:set package 'my_turtlebot3_launch' build argument 'cmake_clean_first' from command line to 'False'
[0.811s] Level 5:colcon.colcon_core.verb:set package 'my_turtlebot3_launch' build argument 'cmake_force_configure' from command line to 'False'
[0.811s] Level 5:colcon.colcon_core.verb:set package 'my_turtlebot3_launch' build argument 'ament_cmake_args' from command line to 'None'
[0.811s] Level 5:colcon.colcon_core.verb:set package 'my_turtlebot3_launch' build argument 'catkin_cmake_args' from command line to 'None'
[0.811s] Level 5:colcon.colcon_core.verb:set package 'my_turtlebot3_launch' build argument 'catkin_skip_building_tests' from command line to 'False'
[0.811s] DEBUG:colcon.colcon_core.verb:Building package 'my_turtlebot3_launch' with the following arguments: {'ament_cmake_args': None, 'build_base': '/home/liuxingjian/Desktop/proj/rviz2_pro/build/my_turtlebot3_launch', 'catkin_cmake_args': None, 'catkin_skip_building_tests': False, 'cmake_args': None, 'cmake_clean_cache': False, 'cmake_clean_first': False, 'cmake_force_configure': False, 'cmake_target': None, 'cmake_target_skip_unavailable': False, 'install_base': '/home/liuxingjian/Desktop/proj/rviz2_pro/install/my_turtlebot3_launch', 'merge_install': False, 'path': '/home/liuxingjian/Desktop/proj/rviz2_pro/src/my_turtlebot3_launch', 'symlink_install': False, 'test_result_base': None}
[0.811s] INFO:colcon.colcon_core.executor:Executing jobs using 'parallel' executor
[0.812s] DEBUG:colcon.colcon_parallel_executor.executor.parallel:run_until_complete
[0.813s] INFO:colcon.colcon_ros.task.ament_cmake.build:Building ROS package in '/home/liuxingjian/Desktop/proj/rviz2_pro/src/my_turtlebot3_qt' with build type 'ament_cmake'
[0.813s] INFO:colcon.colcon_cmake.task.cmake.build:Building CMake package in '/home/liuxingjian/Desktop/proj/rviz2_pro/src/my_turtlebot3_qt'
[0.819s] INFO:colcon.colcon_core.plugin_system:Skipping extension 'colcon_core.shell.bat': Not used on non-Windows systems
[0.819s] INFO:colcon.colcon_core.shell:Skip shell extension 'powershell' for command environment: Not usable outside of PowerShell
[0.819s] DEBUG:colcon.colcon_core.shell:Skip shell extension 'dsv' for command environment
[0.834s] DEBUG:colcon.colcon_core.event_handler.log_command:Invoking command in '/home/liuxingjian/Desktop/proj/rviz2_pro/build/my_turtlebot3_qt': CMAKE_PREFIX_PATH=/opt/ros/humble /usr/bin/cmake --build /home/liuxingjian/Desktop/proj/rviz2_pro/build/my_turtlebot3_qt -- -j8 -l8
[26.383s] DEBUG:colcon.colcon_core.event_handler.log_command:Invoked command in '/home/liuxingjian/Desktop/proj/rviz2_pro/build/my_turtlebot3_qt' returned '0': CMAKE_PREFIX_PATH=/opt/ros/humble /usr/bin/cmake --build /home/liuxingjian/Desktop/proj/rviz2_pro/build/my_turtlebot3_qt -- -j8 -l8
[26.396s] DEBUG:colcon.colcon_core.event_handler.log_command:Invoking command in '/home/liuxingjian/Desktop/proj/rviz2_pro/build/my_turtlebot3_qt': CMAKE_PREFIX_PATH=/opt/ros/humble /usr/bin/cmake --install /home/liuxingjian/Desktop/proj/rviz2_pro/build/my_turtlebot3_qt
[26.421s] Level 1:colcon.colcon_core.environment:create_environment_scripts_only(my_turtlebot3_qt)
[26.422s] DEBUG:colcon.colcon_core.event_handler.log_command:Invoked command in '/home/liuxingjian/Desktop/proj/rviz2_pro/build/my_turtlebot3_qt' returned '0': CMAKE_PREFIX_PATH=/opt/ros/humble /usr/bin/cmake --install /home/liuxingjian/Desktop/proj/rviz2_pro/build/my_turtlebot3_qt
[26.431s] Level 1:colcon.colcon_core.environment:checking '/home/liuxingjian/Desktop/proj/rviz2_pro/install/my_turtlebot3_qt' for CMake module files
[26.431s] Level 1:colcon.colcon_core.environment:checking '/home/liuxingjian/Desktop/proj/rviz2_pro/install/my_turtlebot3_qt' for CMake config files
[26.432s] Level 1:colcon.colcon_core.shell:create_environment_hook('my_turtlebot3_qt', 'cmake_prefix_path')
[26.433s] INFO:colcon.colcon_core.shell:Creating environment hook '/home/liuxingjian/Desktop/proj/rviz2_pro/install/my_turtlebot3_qt/share/my_turtlebot3_qt/hook/cmake_prefix_path.ps1'
[26.434s] INFO:colcon.colcon_core.shell:Creating environment descriptor '/home/liuxingjian/Desktop/proj/rviz2_pro/install/my_turtlebot3_qt/share/my_turtlebot3_qt/hook/cmake_prefix_path.dsv'
[26.435s] INFO:colcon.colcon_core.shell:Creating environment hook '/home/liuxingjian/Desktop/proj/rviz2_pro/install/my_turtlebot3_qt/share/my_turtlebot3_qt/hook/cmake_prefix_path.sh'
[26.436s] Level 1:colcon.colcon_core.environment:checking '/home/liuxingjian/Desktop/proj/rviz2_pro/install/my_turtlebot3_qt/lib'
[26.436s] Level 1:colcon.colcon_core.environment:checking '/home/liuxingjian/Desktop/proj/rviz2_pro/install/my_turtlebot3_qt/bin'
[26.436s] Level 1:colcon.colcon_core.environment:checking '/home/liuxingjian/Desktop/proj/rviz2_pro/install/my_turtlebot3_qt/lib/pkgconfig/my_turtlebot3_qt.pc'
[26.436s] Level 1:colcon.colcon_core.environment:checking '/home/liuxingjian/Desktop/proj/rviz2_pro/install/my_turtlebot3_qt/lib/python3.10/site-packages'
[26.436s] Level 1:colcon.colcon_core.environment:checking '/home/liuxingjian/Desktop/proj/rviz2_pro/install/my_turtlebot3_qt/bin'
[26.437s] INFO:colcon.colcon_core.shell:Creating package script '/home/liuxingjian/Desktop/proj/rviz2_pro/install/my_turtlebot3_qt/share/my_turtlebot3_qt/package.ps1'
[26.438s] INFO:colcon.colcon_core.shell:Creating package descriptor '/home/liuxingjian/Desktop/proj/rviz2_pro/install/my_turtlebot3_qt/share/my_turtlebot3_qt/package.dsv'
[26.439s] INFO:colcon.colcon_core.shell:Creating package script '/home/liuxingjian/Desktop/proj/rviz2_pro/install/my_turtlebot3_qt/share/my_turtlebot3_qt/package.sh'
[26.440s] INFO:colcon.colcon_core.shell:Creating package script '/home/liuxingjian/Desktop/proj/rviz2_pro/install/my_turtlebot3_qt/share/my_turtlebot3_qt/package.bash'
[26.441s] INFO:colcon.colcon_core.shell:Creating package script '/home/liuxingjian/Desktop/proj/rviz2_pro/install/my_turtlebot3_qt/share/my_turtlebot3_qt/package.zsh'
[26.442s] Level 1:colcon.colcon_core.environment:create_file_with_runtime_dependencies(/home/liuxingjian/Desktop/proj/rviz2_pro/install/my_turtlebot3_qt/share/colcon-core/packages/my_turtlebot3_qt)
[26.443s] Level 1:colcon.colcon_core.environment:create_environment_scripts_only(my_turtlebot3_qt)
[26.443s] Level 1:colcon.colcon_core.environment:checking '/home/liuxingjian/Desktop/proj/rviz2_pro/install/my_turtlebot3_qt' for CMake module files
[26.444s] Level 1:colcon.colcon_core.environment:checking '/home/liuxingjian/Desktop/proj/rviz2_pro/install/my_turtlebot3_qt' for CMake config files
[26.444s] Level 1:colcon.colcon_core.shell:create_environment_hook('my_turtlebot3_qt', 'cmake_prefix_path')
[26.444s] INFO:colcon.colcon_core.shell:Creating environment hook '/home/liuxingjian/Desktop/proj/rviz2_pro/install/my_turtlebot3_qt/share/my_turtlebot3_qt/hook/cmake_prefix_path.ps1'
[26.444s] INFO:colcon.colcon_core.shell:Creating environment descriptor '/home/liuxingjian/Desktop/proj/rviz2_pro/install/my_turtlebot3_qt/share/my_turtlebot3_qt/hook/cmake_prefix_path.dsv'
[26.445s] INFO:colcon.colcon_core.shell:Creating environment hook '/home/liuxingjian/Desktop/proj/rviz2_pro/install/my_turtlebot3_qt/share/my_turtlebot3_qt/hook/cmake_prefix_path.sh'
[26.445s] Level 1:colcon.colcon_core.environment:checking '/home/liuxingjian/Desktop/proj/rviz2_pro/install/my_turtlebot3_qt/lib'
[26.445s] Level 1:colcon.colcon_core.environment:checking '/home/liuxingjian/Desktop/proj/rviz2_pro/install/my_turtlebot3_qt/bin'
[26.445s] Level 1:colcon.colcon_core.environment:checking '/home/liuxingjian/Desktop/proj/rviz2_pro/install/my_turtlebot3_qt/lib/pkgconfig/my_turtlebot3_qt.pc'
[26.446s] Level 1:colcon.colcon_core.environment:checking '/home/liuxingjian/Desktop/proj/rviz2_pro/install/my_turtlebot3_qt/lib/python3.10/site-packages'
[26.446s] Level 1:colcon.colcon_core.environment:checking '/home/liuxingjian/Desktop/proj/rviz2_pro/install/my_turtlebot3_qt/bin'
[26.446s] INFO:colcon.colcon_core.shell:Creating package script '/home/liuxingjian/Desktop/proj/rviz2_pro/install/my_turtlebot3_qt/share/my_turtlebot3_qt/package.ps1'
[26.447s] INFO:colcon.colcon_core.shell:Creating package descriptor '/home/liuxingjian/Desktop/proj/rviz2_pro/install/my_turtlebot3_qt/share/my_turtlebot3_qt/package.dsv'
[26.447s] INFO:colcon.colcon_core.shell:Creating package script '/home/liuxingjian/Desktop/proj/rviz2_pro/install/my_turtlebot3_qt/share/my_turtlebot3_qt/package.sh'
[26.448s] INFO:colcon.colcon_core.shell:Creating package script '/home/liuxingjian/Desktop/proj/rviz2_pro/install/my_turtlebot3_qt/share/my_turtlebot3_qt/package.bash'
[26.448s] INFO:colcon.colcon_core.shell:Creating package script '/home/liuxingjian/Desktop/proj/rviz2_pro/install/my_turtlebot3_qt/share/my_turtlebot3_qt/package.zsh'
[26.448s] Level 1:colcon.colcon_core.environment:create_file_with_runtime_dependencies(/home/liuxingjian/Desktop/proj/rviz2_pro/install/my_turtlebot3_qt/share/colcon-core/packages/my_turtlebot3_qt)
[26.449s] INFO:colcon.colcon_ros.task.ament_cmake.build:Building ROS package in '/home/liuxingjian/Desktop/proj/rviz2_pro/src/my_turtlebot3_launch' with build type 'ament_cmake'
[26.449s] INFO:colcon.colcon_cmake.task.cmake.build:Building CMake package in '/home/liuxingjian/Desktop/proj/rviz2_pro/src/my_turtlebot3_launch'
[26.450s] INFO:colcon.colcon_core.shell:Skip shell extension 'powershell' for command environment: Not usable outside of PowerShell
[26.451s] DEBUG:colcon.colcon_core.shell:Skip shell extension 'dsv' for command environment
[26.474s] DEBUG:colcon.colcon_core.event_handler.log_command:Invoking command in '/home/liuxingjian/Desktop/proj/rviz2_pro/build/my_turtlebot3_launch': AMENT_PREFIX_PATH=/home/liuxingjian/Desktop/proj/rviz2_pro/install/my_turtlebot3_qt:${AMENT_PREFIX_PATH} CMAKE_PREFIX_PATH=/home/liuxingjian/Desktop/proj/rviz2_pro/install/my_turtlebot3_qt:/opt/ros/humble /usr/bin/cmake --build /home/liuxingjian/Desktop/proj/rviz2_pro/build/my_turtlebot3_launch -- -j8 -l8
[26.562s] DEBUG:colcon.colcon_core.event_handler.log_command:Invoked command in '/home/liuxingjian/Desktop/proj/rviz2_pro/build/my_turtlebot3_launch' returned '0': AMENT_PREFIX_PATH=/home/liuxingjian/Desktop/proj/rviz2_pro/install/my_turtlebot3_qt:${AMENT_PREFIX_PATH} CMAKE_PREFIX_PATH=/home/liuxingjian/Desktop/proj/rviz2_pro/install/my_turtlebot3_qt:/opt/ros/humble /usr/bin/cmake --build /home/liuxingjian/Desktop/proj/rviz2_pro/build/my_turtlebot3_launch -- -j8 -l8
[26.565s] DEBUG:colcon.colcon_core.event_handler.log_command:Invoking command in '/home/liuxingjian/Desktop/proj/rviz2_pro/build/my_turtlebot3_launch': AMENT_PREFIX_PATH=/home/liuxingjian/Desktop/proj/rviz2_pro/install/my_turtlebot3_qt:${AMENT_PREFIX_PATH} CMAKE_PREFIX_PATH=/home/liuxingjian/Desktop/proj/rviz2_pro/install/my_turtlebot3_qt:/opt/ros/humble /usr/bin/cmake --install /home/liuxingjian/Desktop/proj/rviz2_pro/build/my_turtlebot3_launch
[26.580s] Level 1:colcon.colcon_core.environment:create_environment_scripts_only(my_turtlebot3_launch)
[26.580s] Level 1:colcon.colcon_core.environment:checking '/home/liuxingjian/Desktop/proj/rviz2_pro/install/my_turtlebot3_launch' for CMake module files
[26.580s] DEBUG:colcon.colcon_core.event_handler.log_command:Invoked command in '/home/liuxingjian/Desktop/proj/rviz2_pro/build/my_turtlebot3_launch' returned '0': AMENT_PREFIX_PATH=/home/liuxingjian/Desktop/proj/rviz2_pro/install/my_turtlebot3_qt:${AMENT_PREFIX_PATH} CMAKE_PREFIX_PATH=/home/liuxingjian/Desktop/proj/rviz2_pro/install/my_turtlebot3_qt:/opt/ros/humble /usr/bin/cmake --install /home/liuxingjian/Desktop/proj/rviz2_pro/build/my_turtlebot3_launch
[26.582s] Level 1:colcon.colcon_core.environment:checking '/home/liuxingjian/Desktop/proj/rviz2_pro/install/my_turtlebot3_launch' for CMake config files
[26.585s] Level 1:colcon.colcon_core.shell:create_environment_hook('my_turtlebot3_launch', 'cmake_prefix_path')
[26.585s] INFO:colcon.colcon_core.shell:Creating environment hook '/home/liuxingjian/Desktop/proj/rviz2_pro/install/my_turtlebot3_launch/share/my_turtlebot3_launch/hook/cmake_prefix_path.ps1'
[26.585s] INFO:colcon.colcon_core.shell:Creating environment descriptor '/home/liuxingjian/Desktop/proj/rviz2_pro/install/my_turtlebot3_launch/share/my_turtlebot3_launch/hook/cmake_prefix_path.dsv'
[26.586s] INFO:colcon.colcon_core.shell:Creating environment hook '/home/liuxingjian/Desktop/proj/rviz2_pro/install/my_turtlebot3_launch/share/my_turtlebot3_launch/hook/cmake_prefix_path.sh'
[26.587s] Level 1:colcon.colcon_core.environment:checking '/home/liuxingjian/Desktop/proj/rviz2_pro/install/my_turtlebot3_launch/lib'
[26.587s] Level 1:colcon.colcon_core.environment:checking '/home/liuxingjian/Desktop/proj/rviz2_pro/install/my_turtlebot3_launch/bin'
[26.587s] Level 1:colcon.colcon_core.environment:checking '/home/liuxingjian/Desktop/proj/rviz2_pro/install/my_turtlebot3_launch/lib/pkgconfig/my_turtlebot3_launch.pc'
[26.588s] Level 1:colcon.colcon_core.environment:checking '/home/liuxingjian/Desktop/proj/rviz2_pro/install/my_turtlebot3_launch/lib/python3.10/site-packages'
[26.588s] Level 1:colcon.colcon_core.environment:checking '/home/liuxingjian/Desktop/proj/rviz2_pro/install/my_turtlebot3_launch/bin'
[26.588s] INFO:colcon.colcon_core.shell:Creating package script '/home/liuxingjian/Desktop/proj/rviz2_pro/install/my_turtlebot3_launch/share/my_turtlebot3_launch/package.ps1'
[26.589s] INFO:colcon.colcon_core.shell:Creating package descriptor '/home/liuxingjian/Desktop/proj/rviz2_pro/install/my_turtlebot3_launch/share/my_turtlebot3_launch/package.dsv'
[26.589s] INFO:colcon.colcon_core.shell:Creating package script '/home/liuxingjian/Desktop/proj/rviz2_pro/install/my_turtlebot3_launch/share/my_turtlebot3_launch/package.sh'
[26.590s] INFO:colcon.colcon_core.shell:Creating package script '/home/liuxingjian/Desktop/proj/rviz2_pro/install/my_turtlebot3_launch/share/my_turtlebot3_launch/package.bash'
[26.590s] INFO:colcon.colcon_core.shell:Creating package script '/home/liuxingjian/Desktop/proj/rviz2_pro/install/my_turtlebot3_launch/share/my_turtlebot3_launch/package.zsh'
[26.590s] Level 1:colcon.colcon_core.environment:create_file_with_runtime_dependencies(/home/liuxingjian/Desktop/proj/rviz2_pro/install/my_turtlebot3_launch/share/colcon-core/packages/my_turtlebot3_launch)
[26.591s] Level 1:colcon.colcon_core.environment:create_environment_scripts_only(my_turtlebot3_launch)
[26.591s] Level 1:colcon.colcon_core.environment:checking '/home/liuxingjian/Desktop/proj/rviz2_pro/install/my_turtlebot3_launch' for CMake module files
[26.592s] Level 1:colcon.colcon_core.environment:checking '/home/liuxingjian/Desktop/proj/rviz2_pro/install/my_turtlebot3_launch' for CMake config files
[26.592s] Level 1:colcon.colcon_core.shell:create_environment_hook('my_turtlebot3_launch', 'cmake_prefix_path')
[26.592s] INFO:colcon.colcon_core.shell:Creating environment hook '/home/liuxingjian/Desktop/proj/rviz2_pro/install/my_turtlebot3_launch/share/my_turtlebot3_launch/hook/cmake_prefix_path.ps1'
[26.593s] INFO:colcon.colcon_core.shell:Creating environment descriptor '/home/liuxingjian/Desktop/proj/rviz2_pro/install/my_turtlebot3_launch/share/my_turtlebot3_launch/hook/cmake_prefix_path.dsv'
[26.593s] INFO:colcon.colcon_core.shell:Creating environment hook '/home/liuxingjian/Desktop/proj/rviz2_pro/install/my_turtlebot3_launch/share/my_turtlebot3_launch/hook/cmake_prefix_path.sh'
[26.594s] Level 1:colcon.colcon_core.environment:checking '/home/liuxingjian/Desktop/proj/rviz2_pro/install/my_turtlebot3_launch/lib'
[26.594s] Level 1:colcon.colcon_core.environment:checking '/home/liuxingjian/Desktop/proj/rviz2_pro/install/my_turtlebot3_launch/bin'
[26.594s] Level 1:colcon.colcon_core.environment:checking '/home/liuxingjian/Desktop/proj/rviz2_pro/install/my_turtlebot3_launch/lib/pkgconfig/my_turtlebot3_launch.pc'
[26.594s] Level 1:colcon.colcon_core.environment:checking '/home/liuxingjian/Desktop/proj/rviz2_pro/install/my_turtlebot3_launch/lib/python3.10/site-packages'
[26.594s] Level 1:colcon.colcon_core.environment:checking '/home/liuxingjian/Desktop/proj/rviz2_pro/install/my_turtlebot3_launch/bin'
[26.594s] INFO:colcon.colcon_core.shell:Creating package script '/home/liuxingjian/Desktop/proj/rviz2_pro/install/my_turtlebot3_launch/share/my_turtlebot3_launch/package.ps1'
[26.595s] INFO:colcon.colcon_core.shell:Creating package descriptor '/home/liuxingjian/Desktop/proj/rviz2_pro/install/my_turtlebot3_launch/share/my_turtlebot3_launch/package.dsv'
[26.595s] INFO:colcon.colcon_core.shell:Creating package script '/home/liuxingjian/Desktop/proj/rviz2_pro/install/my_turtlebot3_launch/share/my_turtlebot3_launch/package.sh'
[26.596s] INFO:colcon.colcon_core.shell:Creating package script '/home/liuxingjian/Desktop/proj/rviz2_pro/install/my_turtlebot3_launch/share/my_turtlebot3_launch/package.bash'
[26.596s] INFO:colcon.colcon_core.shell:Creating package script '/home/liuxingjian/Desktop/proj/rviz2_pro/install/my_turtlebot3_launch/share/my_turtlebot3_launch/package.zsh'
[26.597s] Level 1:colcon.colcon_core.environment:create_file_with_runtime_dependencies(/home/liuxingjian/Desktop/proj/rviz2_pro/install/my_turtlebot3_launch/share/colcon-core/packages/my_turtlebot3_launch)
[26.597s] DEBUG:colcon.colcon_parallel_executor.executor.parallel:closing loop
[26.597s] DEBUG:colcon.colcon_parallel_executor.executor.parallel:loop closed
[26.597s] DEBUG:colcon.colcon_parallel_executor.executor.parallel:run_until_complete finished with '0'
[26.597s] DEBUG:colcon.colcon_core.event_reactor:joining thread
[26.598s] DEBUG:colcon.colcon_core.event_reactor:joined thread
[26.599s] INFO:colcon.colcon_core.shell:Creating prefix script '/home/liuxingjian/Desktop/proj/rviz2_pro/install/local_setup.ps1'
[26.600s] INFO:colcon.colcon_core.shell:Creating prefix util module '/home/liuxingjian/Desktop/proj/rviz2_pro/install/_local_setup_util_ps1.py'
[26.601s] INFO:colcon.colcon_core.shell:Creating prefix chain script '/home/liuxingjian/Desktop/proj/rviz2_pro/install/setup.ps1'
[26.603s] INFO:colcon.colcon_core.shell:Creating prefix script '/home/liuxingjian/Desktop/proj/rviz2_pro/install/local_setup.sh'
[26.604s] INFO:colcon.colcon_core.shell:Creating prefix util module '/home/liuxingjian/Desktop/proj/rviz2_pro/install/_local_setup_util_sh.py'
[26.605s] INFO:colcon.colcon_core.shell:Creating prefix chain script '/home/liuxingjian/Desktop/proj/rviz2_pro/install/setup.sh'
[26.606s] INFO:colcon.colcon_core.shell:Creating prefix script '/home/liuxingjian/Desktop/proj/rviz2_pro/install/local_setup.bash'
[26.607s] INFO:colcon.colcon_core.shell:Creating prefix chain script '/home/liuxingjian/Desktop/proj/rviz2_pro/install/setup.bash'
[26.608s] INFO:colcon.colcon_core.shell:Creating prefix script '/home/liuxingjian/Desktop/proj/rviz2_pro/install/local_setup.zsh'
[26.609s] INFO:colcon.colcon_core.shell:Creating prefix chain script '/home/liuxingjian/Desktop/proj/rviz2_pro/install/setup.zsh'
