-- Found ament_cmake: 1.3.14 (/opt/ros/humble/share/ament_cmake/cmake)
-- Found rclcpp: 16.0.19 (/opt/ros/humble/share/rclcpp/cmake)
-- Found rosidl_generator_c: 3.1.8 (/opt/ros/humble/share/rosidl_generator_c/cmake)
-- Found rosidl_adapter: 3.1.8 (/opt/ros/humble/share/rosidl_adapter/cmake)
-- Found rosidl_generator_cpp: 3.1.8 (/opt/ros/humble/share/rosidl_generator_cpp/cmake)
-- Using all available rosidl_typesupport_c: rosidl_typesupport_fastrtps_c;rosidl_typesupport_introspection_c
-- Using all available rosidl_typesupport_cpp: rosidl_typesupport_fastrtps_cpp;rosidl_typesupport_introspection_cpp
-- Found rmw_implementation_cmake: 6.1.2 (/opt/ros/humble/share/rmw_implementation_cmake/cmake)
-- Found rmw_fastrtps_cpp: 6.2.10 (/opt/ros/humble/share/rmw_fastrtps_cpp/cmake)
-- Using RMW implementation 'rmw_fastrtps_cpp' as default
-- Found sensor_msgs: 4.9.1 (/opt/ros/humble/share/sensor_msgs/cmake)
-- Found ament_lint_auto: 0.12.15 (/opt/ros/humble/share/ament_lint_auto/cmake)
-- Configuring done
-- Generating done
-- Build files have been written to: /home/liuxingjian/Desktop/proj/rviz2_pro/build/my_turtlebot3_qt
[ 20%] Automatic MOC for target pointcloud_viewer
[ 20%] Built target pointcloud_viewer_autogen
[ 60%] Building CXX object CMakeFiles/pointcloud_viewer.dir/src/pointcloud_widget.cpp.o
[ 60%] Building CXX object CMakeFiles/pointcloud_viewer.dir/src/main.cpp.o
[ 80%] Building CXX object CMakeFiles/pointcloud_viewer.dir/pointcloud_viewer_autogen/mocs_compilation.cpp.o
/home/liuxingjian/Desktop/proj/rviz2_pro/src/my_turtlebot3_qt/src/pointcloud_widget.cpp: In member function ‘virtual void PointCloudWidget::paintGL()’:
/home/liuxingjian/Desktop/proj/rviz2_pro/src/my_turtlebot3_qt/src/pointcloud_widget.cpp:72:3: error: ‘gluPerspective’ was not declared in this scope
   72 |   gluPerspective(45.0, aspect, 0.1, 100.0);
      |   ^~~~~~~~~~~~~~
gmake[2]: *** [CMakeFiles/pointcloud_viewer.dir/build.make:104: CMakeFiles/pointcloud_viewer.dir/src/pointcloud_widget.cpp.o] Error 1
gmake[1]: *** [CMakeFiles/Makefile2:138: CMakeFiles/pointcloud_viewer.dir/all] Error 2
gmake: *** [Makefile:146: all] Error 2
