[0.009s] Invoking command in '/home/liuxingjian/Desktop/proj/rviz2_pro/build/my_turtlebot3_qt': CMAKE_PREFIX_PATH=/opt/ros/humble /usr/bin/cmake /home/liuxingjian/Desktop/proj/rviz2_pro/src/my_turtlebot3_qt -DCMAKE_INSTALL_PREFIX=/home/liuxingjian/Desktop/proj/rviz2_pro/install/my_turtlebot3_qt
[0.018s] -- Found ament_cmake: 1.3.14 (/opt/ros/humble/share/ament_cmake/cmake)
[0.102s] -- Found rclcpp: 16.0.19 (/opt/ros/humble/share/rclcpp/cmake)
[0.120s] -- Found rosidl_generator_c: 3.1.8 (/opt/ros/humble/share/rosidl_generator_c/cmake)
[0.122s] -- Found rosidl_adapter: 3.1.8 (/opt/ros/humble/share/rosidl_adapter/cmake)
[0.126s] -- Found rosidl_generator_cpp: 3.1.8 (/opt/ros/humble/share/rosidl_generator_cpp/cmake)
[0.135s] -- Using all available rosidl_typesupport_c: rosidl_typesupport_fastrtps_c;rosidl_typesupport_introspection_c
[0.141s] -- Using all available rosidl_typesupport_cpp: rosidl_typesupport_fastrtps_cpp;rosidl_typesupport_introspection_cpp
[0.162s] -- Found rmw_implementation_cmake: 6.1.2 (/opt/ros/humble/share/rmw_implementation_cmake/cmake)
[0.162s] -- Found rmw_fastrtps_cpp: 6.2.10 (/opt/ros/humble/share/rmw_fastrtps_cpp/cmake)
[0.232s] -- Using RMW implementation 'rmw_fastrtps_cpp' as default
[0.261s] -- Found sensor_msgs: 4.9.1 (/opt/ros/humble/share/sensor_msgs/cmake)
[0.333s] -- Found ament_lint_auto: 0.12.15 (/opt/ros/humble/share/ament_lint_auto/cmake)
[0.378s] -- Configuring done
[0.401s] -- Generating done
[0.404s] -- Build files have been written to: /home/liuxingjian/Desktop/proj/rviz2_pro/build/my_turtlebot3_qt
[0.413s] Invoked command in '/home/liuxingjian/Desktop/proj/rviz2_pro/build/my_turtlebot3_qt' returned '0': CMAKE_PREFIX_PATH=/opt/ros/humble /usr/bin/cmake /home/liuxingjian/Desktop/proj/rviz2_pro/src/my_turtlebot3_qt -DCMAKE_INSTALL_PREFIX=/home/liuxingjian/Desktop/proj/rviz2_pro/install/my_turtlebot3_qt
[0.413s] Invoking command in '/home/liuxingjian/Desktop/proj/rviz2_pro/build/my_turtlebot3_qt': CMAKE_PREFIX_PATH=/opt/ros/humble /usr/bin/cmake --build /home/liuxingjian/Desktop/proj/rviz2_pro/build/my_turtlebot3_qt -- -j8 -l8
[0.455s] [ 20%] Automatic MOC for target pointcloud_viewer
[0.930s] [ 20%] Built target pointcloud_viewer_autogen
[0.949s] [ 60%] Building CXX object CMakeFiles/pointcloud_viewer.dir/src/pointcloud_widget.cpp.o
[0.949s] [ 60%] Building CXX object CMakeFiles/pointcloud_viewer.dir/src/main.cpp.o
[0.949s] [ 80%] Building CXX object CMakeFiles/pointcloud_viewer.dir/pointcloud_viewer_autogen/mocs_compilation.cpp.o
[3.733s] /home/liuxingjian/Desktop/proj/rviz2_pro/src/my_turtlebot3_qt/src/pointcloud_widget.cpp: In member function ‘virtual void PointCloudWidget::paintGL()’:
[3.733s] /home/liuxingjian/Desktop/proj/rviz2_pro/src/my_turtlebot3_qt/src/pointcloud_widget.cpp:72:3: error: ‘gluPerspective’ was not declared in this scope
[3.733s]    72 |   gluPerspective(45.0, aspect, 0.1, 100.0);
[3.733s]       |   ^~~~~~~~~~~~~~
[5.358s] gmake[2]: *** [CMakeFiles/pointcloud_viewer.dir/build.make:104: CMakeFiles/pointcloud_viewer.dir/src/pointcloud_widget.cpp.o] Error 1
[5.358s] gmake[1]: *** [CMakeFiles/Makefile2:138: CMakeFiles/pointcloud_viewer.dir/all] Error 2
[5.358s] gmake: *** [Makefile:146: all] Error 2
[5.365s] Invoked command in '/home/liuxingjian/Desktop/proj/rviz2_pro/build/my_turtlebot3_qt' returned '2': CMAKE_PREFIX_PATH=/opt/ros/humble /usr/bin/cmake --build /home/liuxingjian/Desktop/proj/rviz2_pro/build/my_turtlebot3_qt -- -j8 -l8
