running egg_info
creating ../../build/my_turtlebot3_launch/my_turtlebot3_launch.egg-info
writing ../../build/my_turtlebot3_launch/my_turtlebot3_launch.egg-info/PKG-INFO
writing dependency_links to ../../build/my_turtlebot3_launch/my_turtlebot3_launch.egg-info/dependency_links.txt
writing entry points to ../../build/my_turtlebot3_launch/my_turtlebot3_launch.egg-info/entry_points.txt
writing requirements to ../../build/my_turtlebot3_launch/my_turtlebot3_launch.egg-info/requires.txt
writing top-level names to ../../build/my_turtlebot3_launch/my_turtlebot3_launch.egg-info/top_level.txt
writing manifest file '../../build/my_turtlebot3_launch/my_turtlebot3_launch.egg-info/SOURCES.txt'
reading manifest file '../../build/my_turtlebot3_launch/my_turtlebot3_launch.egg-info/SOURCES.txt'
writing manifest file '../../build/my_turtlebot3_launch/my_turtlebot3_launch.egg-info/SOURCES.txt'
running build
running build_py
creating /home/liuxingjian/Desktop/proj/rviz2_pro/build/my_turtlebot3_launch/build
creating /home/liuxingjian/Desktop/proj/rviz2_pro/build/my_turtlebot3_launch/build/lib
creating /home/liuxingjian/Desktop/proj/rviz2_pro/build/my_turtlebot3_launch/build/lib/my_turtlebot3_launch
copying my_turtlebot3_launch/__init__.py -> /home/liuxingjian/Desktop/proj/rviz2_pro/build/my_turtlebot3_launch/build/lib/my_turtlebot3_launch
running install
running install_lib
creating /home/liuxingjian/Desktop/proj/rviz2_pro/install/my_turtlebot3_launch/lib/python3.10/site-packages/my_turtlebot3_launch
copying /home/liuxingjian/Desktop/proj/rviz2_pro/build/my_turtlebot3_launch/build/lib/my_turtlebot3_launch/__init__.py -> /home/liuxingjian/Desktop/proj/rviz2_pro/install/my_turtlebot3_launch/lib/python3.10/site-packages/my_turtlebot3_launch
byte-compiling /home/liuxingjian/Desktop/proj/rviz2_pro/install/my_turtlebot3_launch/lib/python3.10/site-packages/my_turtlebot3_launch/__init__.py to __init__.cpython-310.pyc
running install_data
creating /home/liuxingjian/Desktop/proj/rviz2_pro/install/my_turtlebot3_launch/share/ament_index
creating /home/liuxingjian/Desktop/proj/rviz2_pro/install/my_turtlebot3_launch/share/ament_index/resource_index
creating /home/liuxingjian/Desktop/proj/rviz2_pro/install/my_turtlebot3_launch/share/ament_index/resource_index/packages
copying resource/my_turtlebot3_launch -> /home/liuxingjian/Desktop/proj/rviz2_pro/install/my_turtlebot3_launch/share/ament_index/resource_index/packages
copying package.xml -> /home/liuxingjian/Desktop/proj/rviz2_pro/install/my_turtlebot3_launch/share/my_turtlebot3_launch
creating /home/liuxingjian/Desktop/proj/rviz2_pro/install/my_turtlebot3_launch/share/my_turtlebot3_launch/launch
copying launch/turtlebot3_world_gz.launch.py -> /home/liuxingjian/Desktop/proj/rviz2_pro/install/my_turtlebot3_launch/share/my_turtlebot3_launch/launch
running install_egg_info
Copying ../../build/my_turtlebot3_launch/my_turtlebot3_launch.egg-info to /home/liuxingjian/Desktop/proj/rviz2_pro/install/my_turtlebot3_launch/lib/python3.10/site-packages/my_turtlebot3_launch-0.0.0-py3.10.egg-info
running install_scripts
writing list of installed files to '/home/liuxingjian/Desktop/proj/rviz2_pro/build/my_turtlebot3_launch/install.log'
