[0.536s] Invoking command in '/home/liuxingjian/Desktop/proj/rviz2_pro/src/my_turtlebot3_launch': PYTHONPATH=/home/liuxingjian/Desktop/proj/rviz2_pro/build/my_turtlebot3_launch/prefix_override:/usr/lib/python3/dist-packages/colcon_core/task/python/colcon_distutils_commands:/home/liuxingjian/Desktop/proj/rviz2_pro/install/my_turtlebot3_launch/lib/python3.10/site-packages:${PYTHONPATH} /usr/bin/python3 -W ignore:setup.py install is deprecated -W ignore:easy_install command is deprecated setup.py egg_info --egg-base ../../build/my_turtlebot3_launch build --build-base /home/liuxingjian/Desktop/proj/rviz2_pro/build/my_turtlebot3_launch/build install --record /home/liuxingjian/Desktop/proj/rviz2_pro/build/my_turtlebot3_launch/install.log --single-version-externally-managed install_data
[0.678s] running egg_info
[0.679s] creating ../../build/my_turtlebot3_launch/my_turtlebot3_launch.egg-info
[0.679s] writing ../../build/my_turtlebot3_launch/my_turtlebot3_launch.egg-info/PKG-INFO
[0.679s] writing dependency_links to ../../build/my_turtlebot3_launch/my_turtlebot3_launch.egg-info/dependency_links.txt
[0.679s] writing entry points to ../../build/my_turtlebot3_launch/my_turtlebot3_launch.egg-info/entry_points.txt
[0.679s] writing requirements to ../../build/my_turtlebot3_launch/my_turtlebot3_launch.egg-info/requires.txt
[0.679s] writing top-level names to ../../build/my_turtlebot3_launch/my_turtlebot3_launch.egg-info/top_level.txt
[0.679s] writing manifest file '../../build/my_turtlebot3_launch/my_turtlebot3_launch.egg-info/SOURCES.txt'
[0.681s] reading manifest file '../../build/my_turtlebot3_launch/my_turtlebot3_launch.egg-info/SOURCES.txt'
[0.681s] writing manifest file '../../build/my_turtlebot3_launch/my_turtlebot3_launch.egg-info/SOURCES.txt'
[0.681s] running build
[0.681s] running build_py
[0.681s] creating /home/liuxingjian/Desktop/proj/rviz2_pro/build/my_turtlebot3_launch/build
[0.681s] creating /home/liuxingjian/Desktop/proj/rviz2_pro/build/my_turtlebot3_launch/build/lib
[0.682s] creating /home/liuxingjian/Desktop/proj/rviz2_pro/build/my_turtlebot3_launch/build/lib/my_turtlebot3_launch
[0.682s] copying my_turtlebot3_launch/__init__.py -> /home/liuxingjian/Desktop/proj/rviz2_pro/build/my_turtlebot3_launch/build/lib/my_turtlebot3_launch
[0.682s] running install
[0.682s] running install_lib
[0.682s] creating /home/liuxingjian/Desktop/proj/rviz2_pro/install/my_turtlebot3_launch/lib/python3.10/site-packages/my_turtlebot3_launch
[0.682s] copying /home/liuxingjian/Desktop/proj/rviz2_pro/build/my_turtlebot3_launch/build/lib/my_turtlebot3_launch/__init__.py -> /home/liuxingjian/Desktop/proj/rviz2_pro/install/my_turtlebot3_launch/lib/python3.10/site-packages/my_turtlebot3_launch
[0.682s] byte-compiling /home/liuxingjian/Desktop/proj/rviz2_pro/install/my_turtlebot3_launch/lib/python3.10/site-packages/my_turtlebot3_launch/__init__.py to __init__.cpython-310.pyc
[0.683s] running install_data
[0.683s] creating /home/liuxingjian/Desktop/proj/rviz2_pro/install/my_turtlebot3_launch/share/ament_index
[0.683s] creating /home/liuxingjian/Desktop/proj/rviz2_pro/install/my_turtlebot3_launch/share/ament_index/resource_index
[0.683s] creating /home/liuxingjian/Desktop/proj/rviz2_pro/install/my_turtlebot3_launch/share/ament_index/resource_index/packages
[0.683s] copying resource/my_turtlebot3_launch -> /home/liuxingjian/Desktop/proj/rviz2_pro/install/my_turtlebot3_launch/share/ament_index/resource_index/packages
[0.683s] copying package.xml -> /home/liuxingjian/Desktop/proj/rviz2_pro/install/my_turtlebot3_launch/share/my_turtlebot3_launch
[0.683s] creating /home/liuxingjian/Desktop/proj/rviz2_pro/install/my_turtlebot3_launch/share/my_turtlebot3_launch/launch
[0.683s] copying launch/turtlebot3_world_gz.launch.py -> /home/liuxingjian/Desktop/proj/rviz2_pro/install/my_turtlebot3_launch/share/my_turtlebot3_launch/launch
[0.683s] running install_egg_info
[0.684s] Copying ../../build/my_turtlebot3_launch/my_turtlebot3_launch.egg-info to /home/liuxingjian/Desktop/proj/rviz2_pro/install/my_turtlebot3_launch/lib/python3.10/site-packages/my_turtlebot3_launch-0.0.0-py3.10.egg-info
[0.685s] running install_scripts
[0.697s] writing list of installed files to '/home/liuxingjian/Desktop/proj/rviz2_pro/build/my_turtlebot3_launch/install.log'
[0.711s] Invoked command in '/home/liuxingjian/Desktop/proj/rviz2_pro/src/my_turtlebot3_launch' returned '0': PYTHONPATH=/home/liuxingjian/Desktop/proj/rviz2_pro/build/my_turtlebot3_launch/prefix_override:/usr/lib/python3/dist-packages/colcon_core/task/python/colcon_distutils_commands:/home/liuxingjian/Desktop/proj/rviz2_pro/install/my_turtlebot3_launch/lib/python3.10/site-packages:${PYTHONPATH} /usr/bin/python3 -W ignore:setup.py install is deprecated -W ignore:easy_install command is deprecated setup.py egg_info --egg-base ../../build/my_turtlebot3_launch build --build-base /home/liuxingjian/Desktop/proj/rviz2_pro/build/my_turtlebot3_launch/build install --record /home/liuxingjian/Desktop/proj/rviz2_pro/build/my_turtlebot3_launch/install.log --single-version-externally-managed install_data
