[100%] Built target laser_to_pointcloud
-- Install configuration: ""
-- Up-to-date: /home/liuxingjian/Desktop/proj/rviz2_pro/install/my_turtlebot3_launch/lib/my_turtlebot3_launch/laser_to_pointcloud
-- Up-to-date: /home/liuxingjian/Desktop/proj/rviz2_pro/install/my_turtlebot3_launch/share/my_turtlebot3_launch/launch
-- Up-to-date: /home/liuxingjian/Desktop/proj/rviz2_pro/install/my_turtlebot3_launch/share/my_turtlebot3_launch/launch/turtlebot3_world_gz.launch.py
-- Up-to-date: /home/liuxingjian/Desktop/proj/rviz2_pro/install/my_turtlebot3_launch/share/my_turtlebot3_launch/config
-- Installing: /home/liuxingjian/Desktop/proj/rviz2_pro/install/my_turtlebot3_launch/share/my_turtlebot3_launch/config/pointcloud.rviz
-- Up-to-date: /home/liuxingjian/Desktop/proj/rviz2_pro/install/my_turtlebot3_launch/share/ament_index/resource_index/package_run_dependencies/my_turtlebot3_launch
-- Up-to-date: /home/liuxingjian/Desktop/proj/rviz2_pro/install/my_turtlebot3_launch/share/ament_index/resource_index/parent_prefix_path/my_turtlebot3_launch
-- Up-to-date: /home/liuxingjian/Desktop/proj/rviz2_pro/install/my_turtlebot3_launch/share/my_turtlebot3_launch/environment/ament_prefix_path.sh
-- Up-to-date: /home/liuxingjian/Desktop/proj/rviz2_pro/install/my_turtlebot3_launch/share/my_turtlebot3_launch/environment/ament_prefix_path.dsv
-- Up-to-date: /home/liuxingjian/Desktop/proj/rviz2_pro/install/my_turtlebot3_launch/share/my_turtlebot3_launch/environment/path.sh
-- Up-to-date: /home/liuxingjian/Desktop/proj/rviz2_pro/install/my_turtlebot3_launch/share/my_turtlebot3_launch/environment/path.dsv
-- Up-to-date: /home/liuxingjian/Desktop/proj/rviz2_pro/install/my_turtlebot3_launch/share/my_turtlebot3_launch/local_setup.bash
-- Up-to-date: /home/liuxingjian/Desktop/proj/rviz2_pro/install/my_turtlebot3_launch/share/my_turtlebot3_launch/local_setup.sh
-- Up-to-date: /home/liuxingjian/Desktop/proj/rviz2_pro/install/my_turtlebot3_launch/share/my_turtlebot3_launch/local_setup.zsh
-- Up-to-date: /home/liuxingjian/Desktop/proj/rviz2_pro/install/my_turtlebot3_launch/share/my_turtlebot3_launch/local_setup.dsv
-- Up-to-date: /home/liuxingjian/Desktop/proj/rviz2_pro/install/my_turtlebot3_launch/share/my_turtlebot3_launch/package.dsv
-- Up-to-date: /home/liuxingjian/Desktop/proj/rviz2_pro/install/my_turtlebot3_launch/share/ament_index/resource_index/packages/my_turtlebot3_launch
-- Up-to-date: /home/liuxingjian/Desktop/proj/rviz2_pro/install/my_turtlebot3_launch/share/my_turtlebot3_launch/cmake/my_turtlebot3_launchConfig.cmake
-- Up-to-date: /home/liuxingjian/Desktop/proj/rviz2_pro/install/my_turtlebot3_launch/share/my_turtlebot3_launch/cmake/my_turtlebot3_launchConfig-version.cmake
-- Up-to-date: /home/liuxingjian/Desktop/proj/rviz2_pro/install/my_turtlebot3_launch/share/my_turtlebot3_launch/package.xml
