[0.848s] Invoking command in '/home/liuxingjian/Desktop/proj/rviz2_pro/src/my_turtlebot3_launch': PYTHONPATH=/home/liuxingjian/Desktop/proj/rviz2_pro/build/my_turtlebot3_launch/prefix_override:/usr/lib/python3/dist-packages/colcon_core/task/python/colcon_distutils_commands:/home/liuxingjian/Desktop/proj/rviz2_pro/install/my_turtlebot3_launch/lib/python3.10/site-packages:${PYTHONPATH} /usr/bin/python3 -W ignore:setup.py install is deprecated -W ignore:easy_install command is deprecated setup.py egg_info --egg-base ../../build/my_turtlebot3_launch build --build-base /home/liuxingjian/Desktop/proj/rviz2_pro/build/my_turtlebot3_launch/build install --record /home/liuxingjian/Desktop/proj/rviz2_pro/build/my_turtlebot3_launch/install.log --single-version-externally-managed install_data
[1.063s] running egg_info
[1.064s] writing ../../build/my_turtlebot3_launch/my_turtlebot3_launch.egg-info/PKG-INFO
[1.065s] writing dependency_links to ../../build/my_turtlebot3_launch/my_turtlebot3_launch.egg-info/dependency_links.txt
[1.065s] writing entry points to ../../build/my_turtlebot3_launch/my_turtlebot3_launch.egg-info/entry_points.txt
[1.066s] writing requirements to ../../build/my_turtlebot3_launch/my_turtlebot3_launch.egg-info/requires.txt
[1.066s] writing top-level names to ../../build/my_turtlebot3_launch/my_turtlebot3_launch.egg-info/top_level.txt
[1.067s] reading manifest file '../../build/my_turtlebot3_launch/my_turtlebot3_launch.egg-info/SOURCES.txt'
[1.068s] writing manifest file '../../build/my_turtlebot3_launch/my_turtlebot3_launch.egg-info/SOURCES.txt'
[1.068s] running build
[1.068s] running build_py
[1.069s] running install
[1.069s] running install_lib
[1.070s] running install_data
[1.070s] copying package.xml -> /home/liuxingjian/Desktop/proj/rviz2_pro/install/my_turtlebot3_launch/share/my_turtlebot3_launch
[1.071s] copying launch/turtlebot3_world_gz.launch.py -> /home/liuxingjian/Desktop/proj/rviz2_pro/install/my_turtlebot3_launch/share/my_turtlebot3_launch/launch
[1.071s] copying config/pointcloud.rviz -> /home/liuxingjian/Desktop/proj/rviz2_pro/install/my_turtlebot3_launch/share/my_turtlebot3_launch/config
[1.071s] running install_egg_info
[1.072s] removing '/home/liuxingjian/Desktop/proj/rviz2_pro/install/my_turtlebot3_launch/lib/python3.10/site-packages/my_turtlebot3_launch-0.0.0-py3.10.egg-info' (and everything under it)
[1.074s] Copying ../../build/my_turtlebot3_launch/my_turtlebot3_launch.egg-info to /home/liuxingjian/Desktop/proj/rviz2_pro/install/my_turtlebot3_launch/lib/python3.10/site-packages/my_turtlebot3_launch-0.0.0-py3.10.egg-info
[1.075s] running install_scripts
[1.092s] Installing laser_to_pointcloud script to /home/liuxingjian/Desktop/proj/rviz2_pro/install/my_turtlebot3_launch/lib/my_turtlebot3_launch
[1.092s] writing list of installed files to '/home/liuxingjian/Desktop/proj/rviz2_pro/build/my_turtlebot3_launch/install.log'
[1.109s] Invoked command in '/home/liuxingjian/Desktop/proj/rviz2_pro/src/my_turtlebot3_launch' returned '0': PYTHONPATH=/home/liuxingjian/Desktop/proj/rviz2_pro/build/my_turtlebot3_launch/prefix_override:/usr/lib/python3/dist-packages/colcon_core/task/python/colcon_distutils_commands:/home/liuxingjian/Desktop/proj/rviz2_pro/install/my_turtlebot3_launch/lib/python3.10/site-packages:${PYTHONPATH} /usr/bin/python3 -W ignore:setup.py install is deprecated -W ignore:easy_install command is deprecated setup.py egg_info --egg-base ../../build/my_turtlebot3_launch build --build-base /home/liuxingjian/Desktop/proj/rviz2_pro/build/my_turtlebot3_launch/build install --record /home/liuxingjian/Desktop/proj/rviz2_pro/build/my_turtlebot3_launch/install.log --single-version-externally-managed install_data
