[0.591s] Invoking command in '/home/liuxingjian/Desktop/proj/rviz2_pro/src/my_turtlebot3_launch': PYTHONPATH=/home/liuxingjian/Desktop/proj/rviz2_pro/build/my_turtlebot3_launch/prefix_override:/usr/lib/python3/dist-packages/colcon_core/task/python/colcon_distutils_commands:/home/liuxingjian/Desktop/proj/rviz2_pro/install/my_turtlebot3_launch/lib/python3.10/site-packages:${PYTHONPATH} /usr/bin/python3 -W ignore:setup.py install is deprecated -W ignore:easy_install command is deprecated setup.py egg_info --egg-base ../../build/my_turtlebot3_launch build --build-base /home/liuxingjian/Desktop/proj/rviz2_pro/build/my_turtlebot3_launch/build install --record /home/liuxingjian/Desktop/proj/rviz2_pro/build/my_turtlebot3_launch/install.log --single-version-externally-managed install_data
[0.821s] running egg_info
[0.821s] writing ../../build/my_turtlebot3_launch/my_turtlebot3_launch.egg-info/PKG-INFO
[0.822s] writing dependency_links to ../../build/my_turtlebot3_launch/my_turtlebot3_launch.egg-info/dependency_links.txt
[0.822s] writing entry points to ../../build/my_turtlebot3_launch/my_turtlebot3_launch.egg-info/entry_points.txt
[0.822s] writing requirements to ../../build/my_turtlebot3_launch/my_turtlebot3_launch.egg-info/requires.txt
[0.822s] writing top-level names to ../../build/my_turtlebot3_launch/my_turtlebot3_launch.egg-info/top_level.txt
[0.824s] reading manifest file '../../build/my_turtlebot3_launch/my_turtlebot3_launch.egg-info/SOURCES.txt'
[0.824s] writing manifest file '../../build/my_turtlebot3_launch/my_turtlebot3_launch.egg-info/SOURCES.txt'
[0.825s] running build
[0.825s] running build_py
[0.825s] running install
[0.825s] running install_lib
[0.826s] running install_data
[0.829s] copying config/pointcloud.rviz -> /home/liuxingjian/Desktop/proj/rviz2_pro/install/my_turtlebot3_launch/share/my_turtlebot3_launch/config
[0.829s] running install_egg_info
[0.830s] removing '/home/liuxingjian/Desktop/proj/rviz2_pro/install/my_turtlebot3_launch/lib/python3.10/site-packages/my_turtlebot3_launch-0.0.0-py3.10.egg-info' (and everything under it)
[0.830s] Copying ../../build/my_turtlebot3_launch/my_turtlebot3_launch.egg-info to /home/liuxingjian/Desktop/proj/rviz2_pro/install/my_turtlebot3_launch/lib/python3.10/site-packages/my_turtlebot3_launch-0.0.0-py3.10.egg-info
[0.830s] running install_scripts
[0.852s] Installing laser_to_pointcloud script to /home/liuxingjian/Desktop/proj/rviz2_pro/install/my_turtlebot3_launch/lib/my_turtlebot3_launch
[0.852s] writing list of installed files to '/home/liuxingjian/Desktop/proj/rviz2_pro/build/my_turtlebot3_launch/install.log'
[0.869s] Invoked command in '/home/liuxingjian/Desktop/proj/rviz2_pro/src/my_turtlebot3_launch' returned '0': PYTHONPATH=/home/liuxingjian/Desktop/proj/rviz2_pro/build/my_turtlebot3_launch/prefix_override:/usr/lib/python3/dist-packages/colcon_core/task/python/colcon_distutils_commands:/home/liuxingjian/Desktop/proj/rviz2_pro/install/my_turtlebot3_launch/lib/python3.10/site-packages:${PYTHONPATH} /usr/bin/python3 -W ignore:setup.py install is deprecated -W ignore:easy_install command is deprecated setup.py egg_info --egg-base ../../build/my_turtlebot3_launch build --build-base /home/liuxingjian/Desktop/proj/rviz2_pro/build/my_turtlebot3_launch/build install --record /home/liuxingjian/Desktop/proj/rviz2_pro/build/my_turtlebot3_launch/install.log --single-version-externally-managed install_data
