[ 20%] Automatic MOC for target pointcloud_viewer
[ 20%] Built target pointcloud_viewer_autogen
Consolidate compiler generated dependencies of target pointcloud_viewer
[ 40%] Building CXX object CMakeFiles/pointcloud_viewer.dir/src/pointcloud_widget.cpp.o
[ 60%] Linking CXX executable pointcloud_viewer
[100%] Built target pointcloud_viewer
-- Install configuration: ""
-- Installing: /home/liuxingjian/Desktop/proj/rviz2_pro/install/my_turtlebot3_qt/lib/my_turtlebot3_qt/pointcloud_viewer
-- Set runtime path of "/home/liuxingjian/Desktop/proj/rviz2_pro/install/my_turtlebot3_qt/lib/my_turtlebot3_qt/pointcloud_viewer" to ""
-- Installing: /home/liuxingjian/Desktop/proj/rviz2_pro/install/my_turtlebot3_qt/share/ament_index/resource_index/package_run_dependencies/my_turtlebot3_qt
-- Installing: /home/liuxingjian/Desktop/proj/rviz2_pro/install/my_turtlebot3_qt/share/ament_index/resource_index/parent_prefix_path/my_turtlebot3_qt
-- Installing: /home/liuxingjian/Desktop/proj/rviz2_pro/install/my_turtlebot3_qt/share/my_turtlebot3_qt/environment/ament_prefix_path.sh
-- Installing: /home/liuxingjian/Desktop/proj/rviz2_pro/install/my_turtlebot3_qt/share/my_turtlebot3_qt/environment/ament_prefix_path.dsv
-- Installing: /home/liuxingjian/Desktop/proj/rviz2_pro/install/my_turtlebot3_qt/share/my_turtlebot3_qt/environment/path.sh
-- Installing: /home/liuxingjian/Desktop/proj/rviz2_pro/install/my_turtlebot3_qt/share/my_turtlebot3_qt/environment/path.dsv
-- Installing: /home/liuxingjian/Desktop/proj/rviz2_pro/install/my_turtlebot3_qt/share/my_turtlebot3_qt/local_setup.bash
-- Installing: /home/liuxingjian/Desktop/proj/rviz2_pro/install/my_turtlebot3_qt/share/my_turtlebot3_qt/local_setup.sh
-- Installing: /home/liuxingjian/Desktop/proj/rviz2_pro/install/my_turtlebot3_qt/share/my_turtlebot3_qt/local_setup.zsh
-- Installing: /home/liuxingjian/Desktop/proj/rviz2_pro/install/my_turtlebot3_qt/share/my_turtlebot3_qt/local_setup.dsv
-- Installing: /home/liuxingjian/Desktop/proj/rviz2_pro/install/my_turtlebot3_qt/share/my_turtlebot3_qt/package.dsv
-- Installing: /home/liuxingjian/Desktop/proj/rviz2_pro/install/my_turtlebot3_qt/share/ament_index/resource_index/packages/my_turtlebot3_qt
-- Installing: /home/liuxingjian/Desktop/proj/rviz2_pro/install/my_turtlebot3_qt/share/my_turtlebot3_qt/cmake/my_turtlebot3_qtConfig.cmake
-- Installing: /home/liuxingjian/Desktop/proj/rviz2_pro/install/my_turtlebot3_qt/share/my_turtlebot3_qt/cmake/my_turtlebot3_qtConfig-version.cmake
-- Installing: /home/liuxingjian/Desktop/proj/rviz2_pro/install/my_turtlebot3_qt/share/my_turtlebot3_qt/package.xml
