running egg_info
writing ../../build/my_turtlebot3_launch/my_turtlebot3_launch.egg-info/PKG-INFO
writing dependency_links to ../../build/my_turtlebot3_launch/my_turtlebot3_launch.egg-info/dependency_links.txt
writing entry points to ../../build/my_turtlebot3_launch/my_turtlebot3_launch.egg-info/entry_points.txt
writing requirements to ../../build/my_turtlebot3_launch/my_turtlebot3_launch.egg-info/requires.txt
writing top-level names to ../../build/my_turtlebot3_launch/my_turtlebot3_launch.egg-info/top_level.txt
reading manifest file '../../build/my_turtlebot3_launch/my_turtlebot3_launch.egg-info/SOURCES.txt'
writing manifest file '../../build/my_turtlebot3_launch/my_turtlebot3_launch.egg-info/SOURCES.txt'
running build
running build_py
running install
running install_lib
running install_data
copying package.xml -> /home/liuxingjian/Desktop/proj/rviz2_pro/install/my_turtlebot3_launch/share/my_turtlebot3_launch
copying launch/turtlebot3_world_gz.launch.py -> /home/liuxingjian/Desktop/proj/rviz2_pro/install/my_turtlebot3_launch/share/my_turtlebot3_launch/launch
running install_egg_info
removing '/home/liuxingjian/Desktop/proj/rviz2_pro/install/my_turtlebot3_launch/lib/python3.10/site-packages/my_turtlebot3_launch-0.0.0-py3.10.egg-info' (and everything under it)
Copying ../../build/my_turtlebot3_launch/my_turtlebot3_launch.egg-info to /home/liuxingjian/Desktop/proj/rviz2_pro/install/my_turtlebot3_launch/lib/python3.10/site-packages/my_turtlebot3_launch-0.0.0-py3.10.egg-info
running install_scripts
writing list of installed files to '/home/liuxingjian/Desktop/proj/rviz2_pro/build/my_turtlebot3_launch/install.log'
